main.c:86:5:_write	24	static
main.c:93:16:platform_write	48	static
main.c:98:16:platform_read	48	static
main.c:109:5:main	120	static
main.c:202:6:SystemClock_Config	96	static
main.c:243:13:MX_I2C1_Init	8	static
main.c:289:13:MX_USART2_UART_Init	8	static
main.c:322:13:MX_DMA_Init	16	static
main.c:340:13:MX_GPIO_Init	56	static
main.c:383:6:StartDefaultTask	16	static
main.c:401:6:StartVisualTask	24	static
main.c:435:6:StartAcceleroTask	40	static
main.c:487:6:HAL_TIM_PeriodElapsedCallback	16	static
main.c:504:6:Error_Handler	8	static
